// Jest Snapshot v1, https://jestjs.io/docs/snapshot-testing

exports[`webpack.dist config Does not change 1`] = `
{
  "devtool": false,
  "entry": {},
  "externals": {
    "@wordpress/a11y": "window.wp?.a11y",
    "@wordpress/annotations": "window.wp?.annotations",
    "@wordpress/api-fetch": "window.wp?.apiFetch",
    "@wordpress/autop": "window.wp?.autop",
    "@wordpress/blob": "window.wp?.blob",
    "@wordpress/block-directory": "window.wp?.blockDirectory",
    "@wordpress/block-editor": "window.wp?.blockEditor",
    "@wordpress/block-library": "window.wp?.blockLibrary",
    "@wordpress/block-serialization-default-parser": "window.wp?.blockSerializationDefaultParser",
    "@wordpress/blocks": "window.wp?.blocks",
    "@wordpress/commands": "window.wp?.commands",
    "@wordpress/components": "window.wp?.components",
    "@wordpress/compose": "window.wp?.compose",
    "@wordpress/core-data": "window.wp?.coreData",
    "@wordpress/data": "window.wp?.data",
    "@wordpress/data-controls": "window.wp?.dataControls",
    "@wordpress/date": "window.wp?.date",
    "@wordpress/deprecated": "window.wp?.deprecated",
    "@wordpress/dom": "window.wp?.dom",
    "@wordpress/dom-ready": "window.wp?.domReady",
    "@wordpress/edit-post": "window.wp?.editPost",
    "@wordpress/edit-site": "window.wp?.editSite",
    "@wordpress/editor": "window.wp?.editor",
    "@wordpress/element": "window.wp?.element",
    "@wordpress/escape-html": "window.wp?.escapeHtml",
    "@wordpress/hooks": "window.wp?.hooks",
    "@wordpress/html-entities": "window.wp?.htmlEntities",
    "@wordpress/i18n": "window.wp?.i18n",
    "@wordpress/is-shallow-equal": "window.wp?.isShallowEqual",
    "@wordpress/keyboard-shortcuts": "window.wp?.keyboardShortcuts",
    "@wordpress/keycodes": "window.wp?.keycodes",
    "@wordpress/list-reusable-blocks": "window.wp?.listReusableBlocks",
    "@wordpress/media-utils": "window.wp?.mediaUtils",
    "@wordpress/notices": "window.wp?.notices",
    "@wordpress/nux": "window.wp?.nux",
    "@wordpress/plugins": "window.wp?.plugins",
    "@wordpress/primitives": "window.wp?.primitives",
    "@wordpress/priority-queue": "window.wp?.priorityQueue",
    "@wordpress/redux-routine": "window.wp?.reduxRoutine",
    "@wordpress/reusable-blocks": "window.wp?.reusableBlocks",
    "@wordpress/rich-text": "window.wp?.richText",
    "@wordpress/server-side-render": "window.wp?.serverSideRender",
    "@wordpress/shortcode": "window.wp?.shortcode",
    "@wordpress/token-list": "window.wp?.tokenList",
    "@wordpress/url": "window.wp?.url",
    "@wordpress/utils": "window.wp?.utils",
    "@wordpress/viewport": "window.wp?.viewport",
    "@wordpress/warning": "window.wp?.warning",
    "@wordpress/wordcount": "window.wp?.wordcount",
    "backbone": "Backbone",
    "jquery": "jQuery",
    "lodash": "lodash",
    "moment": "moment",
    "react": "React",
    "react-dom": "ReactDOM",
    "react-refresh/runtime": "ReactRefreshRuntime",
    "react/jsx-runtime": "ReactJSXRuntime",
    "tinymce": "tinymce",
    "wp": "wp",
  },
  "mode": "production",
  "module": {
    "rules": [
      {
        "exclude": /node_modules/,
        "loader": "babel-loader",
        "options": Promise {},
        "test": /\\\\\\.\\[jt\\]sx\\?\\$/,
      },
      {
        "test": /\\\\\\.css\\$/,
        "use": [
          "E:\\SVN\\the-boilerplate\\packages\\js-boilerplate-gutenberg\\node_modules\\mini-css-extract-plugin\\dist\\loader.js",
          "css-loader",
          {
            "loader": "E:\\SVN\\the-boilerplate\\packages\\js-boilerplate-gutenberg\\node_modules\\@lipemat\\js-boilerplate\\lib\\clean-css-loader.js",
          },
        ],
      },
      {
        "test": /\\\\\\.pcss\\$/,
        "use": [
          "E:\\SVN\\the-boilerplate\\packages\\js-boilerplate-gutenberg\\node_modules\\mini-css-extract-plugin\\dist\\loader.js",
          {
            "loader": "E:\\SVN\\the-boilerplate\\packages\\js-boilerplate-gutenberg\\node_modules\\@lipemat\\js-boilerplate\\lib\\css-module-types.js",
          },
          {
            "loader": "css-loader",
            "options": Promise {},
          },
          {
            "loader": "postcss-loader",
            "options": {
              "postcssOptions": {
                "parser": "postcss-scss",
                "plugins": [
                  {
                    "postcssPlugin": "postcss-global-data",
                    "prepare": [Function],
                  },
                  {
                    "Once": [Function],
                    "postcssPlugin": "postcss-import",
                  },
                  [Function],
                  [Function],
                  {
                    "plugins": [
                      {
                        "postcssPlugin": "postcss-normalize-display-values",
                        "prepare": [Function],
                      },
                      {
                        "AtRule": [Function],
                        "postcssPlugin": "postcss-font-format-keywords",
                      },
                      {
                        "Declaration": [Function],
                        "postcssPlugin": "postcss-oklab-function",
                      },
                      {
                        "postcssPlugin": "postcss-text-decoration-shorthand",
                        "prepare": [Function],
                      },
                      {
                        "AtRule": [Function],
                        "Once": [Function],
                        "postcssPlugin": "postcss-custom-media",
                      },
                      {
                        "Rule": [Function],
                        "postcssPlugin": "postcss-nesting",
                      },
                      {
                        "Rule": [Function],
                        "postcssPlugin": "postcss-dir-pseudo-class",
                      },
                      {
                        "Declaration": [Function],
                        "postcssPlugin": "postcss-lab-function",
                      },
                      {
                        "Rule": [Function],
                        "postcssPlugin": "css-blank-pseudo",
                      },
                      {
                        "Declaration": [Function],
                        "postcssPlugin": "postcss-page-break",
                      },
                      {
                        "Once": [Function],
                        "postcssPlugin": "postcss-font-variant",
                      },
                      {
                        "Declaration": [Function],
                        "postcssPlugin": "postcss-stepped-value-functions",
                      },
                      {
                        "browsers": [
                          "> 1%",
                          "last 1 Android versions",
                          "last 1 ChromeAndroid versions",
                          "last 2 Chrome versions",
                          "last 2 Firefox versions",
                          "last 2 Safari versions",
                          "last 2 iOS versions",
                          "last 2 Edge versions",
                          "last 2 Opera versions",
                        ],
                        "info": [Function],
                        "options": {
                          "overrideBrowserslist": [
                            "> 1%",
                            "last 1 Android versions",
                            "last 1 ChromeAndroid versions",
                            "last 2 Chrome versions",
                            "last 2 Firefox versions",
                            "last 2 Safari versions",
                            "last 2 iOS versions",
                            "last 2 Edge versions",
                            "last 2 Opera versions",
                          ],
                        },
                        "postcssPlugin": "autoprefixer",
                        "prepare": [Function],
                      },
                      {
                        "RuleExit": [Function],
                        "postcssPlugin": "postcss-progressive-custom-properties",
                      },
                      {
                        "OnceExit": [Function],
                        "postcssPlugin": "postcss-preset-env",
                      },
                    ],
                    "postcssPlugin": "postcss-preset-env",
                  },
                  [Function],
                  {
                    "OnceExit": [Function],
                    "postcssPlugin": "postcss-sort-media-queries",
                  },
                  {
                    "OnceExit": [Function],
                    "postcssPlugin": "clean",
                  },
                ],
              },
            },
          },
        ],
      },
    ],
    "strictExportPresence": true,
  },
  "optimization": {
    "moduleIds": "deterministic",
  },
  "output": {
    "chunkFilename": "[name].[contenthash].js",
    "crossOriginLoading": "anonymous",
    "filename": "[name].js",
    "path": "E:\\SVN\\the-boilerplate\\packages\\js-boilerplate-gutenberg\\dist",
    "publicPath": "auto",
  },
  "performance": {
    "hints": "warning",
  },
  "plugins": [
    ProvidePlugin {
      "definitions": {
        "$": "jquery",
        "jQuery": "jquery",
      },
    },
    MiniCssExtractPlugin {
      "_sortedModulesCache": WeakMap {},
      "options": {
        "chunkFilename": "[name].[contenthash].css",
        "experimentalUseImportModule": undefined,
        "filename": "[name].css",
        "ignoreOrder": false,
        "runtime": true,
      },
      "runtimeOptions": {
        "attributes": undefined,
        "insert": undefined,
        "linkType": "text/css",
      },
    },
    CleanWebpackPlugin {
      "apply": [Function],
      "cleanAfterEveryBuildPatterns": [],
      "cleanOnceBeforeBuildPatterns": [
        "**/*",
        "!.running",
      ],
      "cleanStaleWebpackAssets": true,
      "currentAssets": [],
      "dangerouslyAllowCleanPatternsOutsideProject": false,
      "dry": false,
      "handleDone": [Function],
      "handleInitial": [Function],
      "initialClean": false,
      "outputPath": "",
      "protectWebpackAssets": true,
      "removeFiles": [Function],
      "verbose": false,
    },
    SubresourceIntegrityPlugin {
      "options": {
        "enabled": "auto",
        "hashFuncNames": [
          "sha384",
        ],
        "hashLoading": "eager",
      },
      "setup": [Function],
      "validateHashFuncName": [Function],
      "validateHashFuncNames": [Function],
      "validateHashLoading": [Function],
      "validateOptions": [Function],
      "warnStandardHashFunc": [Function],
    },
    WebpackAssetsHash {
      "assets": {},
      "manifest": {},
    },
    {},
    ForkTsCheckerWebpackPlugin {
      "options": {
        "formatter": "basic",
        "typescript": {
          "configFile": "E:\\SVN\\the-boilerplate\\packages\\js-boilerplate-gutenberg\\tsconfig.json",
        },
      },
    },
    CompressionPlugin {
      "algorithm": [Function],
      "options": {
        "algorithm": "brotliCompress",
        "compressionOptions": {
          "params": {
            "1": 11,
          },
        },
        "deleteOriginalAssets": false,
        "exclude": undefined,
        "filename": "[path][base].br",
        "include": undefined,
        "minRatio": 0.8,
        "test": /\\\\\\.\\(js\\|css\\)\\$/,
        "threshold": 0,
      },
    },
  ],
  "resolve": {
    "extensions": [
      ".ts",
      ".tsx",
      ".js",
      ".jsx",
      ".json",
      ".pcss",
    ],
    "modules": [
      "E:\\SVN\\the-boilerplate\\packages\\js-boilerplate-gutenberg\\src",
      "node_modules",
    ],
  },
  "stats": {
    "assets": true,
    "assetsSort": "size",
    "assetsSpace": 100,
    "cachedAssets": true,
    "cachedModules": false,
    "children": false,
    "colors": {
      "green": "[93m",
    },
    "groupAssetsByChunk": false,
    "groupAssetsByEmitStatus": false,
    "groupAssetsByExtension": false,
    "groupAssetsByInfo": false,
    "groupAssetsByPath": false,
    "hash": false,
    "modules": false,
    "timings": false,
    "version": false,
  },
  "target": "browserslist:> 1%, last 1 Android versions, last 1 ChromeAndroid versions, last 2 Chrome versions, last 2 Firefox versions, last 2 Safari versions, last 2 iOS versions, last 2 Edge versions, last 2 Opera versions",
}
`;
